lobby 1 (first, rank 4424): now Devil Dinosaur | lookahead Doctor Strange (current pick ranks 2 in lookahead) | lookahead − current: additive typ −0.39±0.10, additive opt +0.17±0.08, sim typ −0.43±0.30, sim opt +0.01±0.10 | planning next turn in sim: +0.65±0.27 [26 s]
lobby 2 (first, rank 4541): now Devil Dinosaur | lookahead Doctor Strange (current pick ranks 3 in lookahead) | lookahead − current: additive typ −0.11±0.09, additive opt +0.09±0.06, sim typ +0.10±0.28, sim opt +0.16±0.15 | planning next turn in sim: +1.24±0.26 [62 s]
lobby 3 (second, rank 4487): now Doctor Strange+Hela | lookahead Doctor Strange+Jubilee (current pick ranks 5 in lookahead) | lookahead − current: additive typ −0.13±0.12, additive opt −0.09±0.22, sim typ +0.07±0.32, sim opt −0.12±0.28 | planning next turn in sim: +0.28±0.19 [66 s]
lobby 4 (second, rank 4667): now Gambit+Rocket Raccoon | lookahead Rocket Raccoon+Invisible Woman (current pick ranks 3 in lookahead) | lookahead − current: additive typ −0.33±0.13, additive opt +0.19±0.12, sim typ +0.36±0.36, sim opt +0.32±0.30 | planning next turn in sim: +0.67±0.15 [70 s]
lobby 5 (second, rank 4742): now Gorr The God Butcher+Iron Fist | lookahead Gorr The God Butcher+Rocket Raccoon (current pick ranks 3 in lookahead) | lookahead − current: additive typ −0.07±0.08, additive opt +0.03±0.04, sim typ +0.22±0.28, sim opt +0.18±0.19 | planning next turn in sim: +0.39±0.15 [74 s]
lobby 6 (first, rank 4472): now Gorr The God Butcher | lookahead Rocket Raccoon (current pick ranks 2 in lookahead) | lookahead − current: additive typ −0.11±0.08, additive opt +0.05±0.10, sim typ −0.36±0.34, sim opt −0.02±0.17 | planning next turn in sim: +0.69±0.30 [107 s]
lobby 7 (first, rank 4378): now Gorr The God Butcher | lookahead same | lookahead − current: additive typ +0.00±0.00, additive opt +0.00±0.00, sim typ +0.00±0.00, sim opt +0.00±0.00 | planning next turn in sim: +0.31±0.27 [146 s]
lobby 8 (first, rank 4555): now Devil Dinosaur | lookahead Hela (current pick ranks 4 in lookahead) | lookahead − current: additive typ −0.28±0.10, additive opt +0.06±0.07, sim typ −0.35±0.25, sim opt +0.08±0.14 | planning next turn in sim: +1.20±0.27 [179 s]
lobby 9 (second, rank 4645): now Hela+Hulk | lookahead Mantis+Hulk (current pick ranks 9 in lookahead) | lookahead − current: additive typ −0.16±0.07, additive opt −0.07±0.16, sim typ −0.69±0.28, sim opt −0.62±0.31 | planning next turn in sim: +0.30±0.18 [184 s]
lobby 10 (first, rank 5058): now Rocket Raccoon | lookahead Invisible Woman (current pick ranks 2 in lookahead) | lookahead − current: additive typ −0.02±0.11, additive opt +0.01±0.03, sim typ −0.65±0.27, sim opt −0.02±0.08 | planning next turn in sim: −0.10±0.30 [217 s]
lobby 11 (first, rank 4426): now Rocket Raccoon | lookahead Gambit (current pick ranks 3 in lookahead) | lookahead − current: additive typ −0.84±0.08, additive opt −0.04±0.08, sim typ −1.08±0.26, sim opt −0.09±0.15 | planning next turn in sim: +0.95±0.26 [249 s]
lobby 12 (second, rank 4514): now Emma Frost+Rocket Raccoon | lookahead Hela+Rocket Raccoon (current pick ranks 2 in lookahead) | lookahead − current: additive typ −0.24±0.06, additive opt −0.05±0.04, sim typ +0.04±0.22, sim opt +0.15±0.15 | planning next turn in sim: +0.32±0.19 [253 s]
lobby 13 (second, rank 4711): now Mantis+Loki | lookahead same | lookahead − current: additive typ +0.00±0.00, additive opt +0.00±0.00, sim typ +0.00±0.00, sim opt +0.00±0.00 | planning next turn in sim: +0.14±0.20 [257 s]
lobby 14 (second, rank 4667): now Rocket Raccoon+Jubilee | lookahead same | lookahead − current: additive typ +0.00±0.00, additive opt +0.00±0.00, sim typ +0.00±0.00, sim opt +0.00±0.00 | planning next turn in sim: +0.61±0.19 [261 s]
lobby 15 (first, rank 4768): now Devil Dinosaur | lookahead Doctor Strange (current pick ranks 5 in lookahead) | lookahead − current: additive typ −0.11±0.06, additive opt +0.13±0.06, sim typ +0.02±0.24, sim opt +0.21±0.17 | planning next turn in sim: +0.54±0.29 [291 s]
lobby 16 (first, rank 4543): now Devil Dinosaur | lookahead Peni Parker (current pick ranks 3 in lookahead) | lookahead − current: additive typ −0.27±0.08, additive opt +0.05±0.04, sim typ −0.11±0.25, sim opt +0.01±0.13 | planning next turn in sim: +1.02±0.24 [324 s]
lobby 17 (second, rank 4416): now Jubilee+Rocket Raccoon | lookahead same | lookahead − current: additive typ +0.00±0.00, additive opt +0.00±0.00, sim typ +0.00±0.00, sim opt +0.00±0.00 | planning next turn in sim: +0.18±0.24 [327 s]
lobby 18 (second, rank 4526): now Rocket Raccoon+Gambit | lookahead Rocket Raccoon+Doctor Strange (current pick ranks 4 in lookahead) | lookahead − current: additive typ −0.26±0.06, additive opt +0.02±0.04, sim typ −0.12±0.28, sim opt +0.02±0.14 | planning next turn in sim: +0.33±0.11 [330 s]
lobby 19 (first, rank 4286): now Gorr The God Butcher | lookahead Rocket Raccoon (current pick ranks 2 in lookahead) | lookahead − current: additive typ −0.14±0.08, additive opt +0.08±0.05, sim typ −0.21±0.28, sim opt +0.11±0.09 | planning next turn in sim: +1.29±0.32 [359 s]
lobby 20 (first, rank 4561): now Rocket Raccoon | lookahead same | lookahead − current: additive typ +0.00±0.00, additive opt +0.00±0.00, sim typ +0.00±0.00, sim opt +0.00±0.00 | planning next turn in sim: +0.19±0.26 [388 s]
lobby 21 (second, rank 4657): now Rocket Raccoon+Gambit | lookahead Rocket Raccoon+Invisible Woman (current pick ranks 2 in lookahead) | lookahead − current: additive typ −0.14±0.08, additive opt +0.07±0.05, sim typ −0.05±0.27, sim opt +0.19±0.19 | planning next turn in sim: +0.33±0.22 [392 s]
lobby 22 (first, rank 4801): now Rocket Raccoon | lookahead same | lookahead − current: additive typ +0.00±0.00, additive opt +0.00±0.00, sim typ +0.00±0.00, sim opt +0.00±0.00 | planning next turn in sim: +0.75±0.32 [419 s]
lobby 23 (first, rank 4406): now Rocket Raccoon | lookahead same | lookahead − current: additive typ +0.00±0.00, additive opt +0.00±0.00, sim typ +0.00±0.00, sim opt +0.00±0.00 | planning next turn in sim: +0.64±0.28 [450 s]
lobby 24 (first, rank 4713): now Gorr The God Butcher | lookahead The Thing (current pick ranks 2 in lookahead) | lookahead − current: additive typ −0.57±0.10, additive opt −0.14±0.10, sim typ −0.98±0.33, sim opt −0.02±0.26 | planning next turn in sim: +0.50±0.27 [486 s]
lobby 25 (second, rank 4383): now Doctor Strange+Devil Dinosaur | lookahead Doctor Strange+Gorr The God Butcher (current pick ranks 2 in lookahead) | lookahead − current: additive typ −0.03±0.07, additive opt −0.01±0.07, sim typ +0.24±0.34, sim opt −0.07±0.16 | planning next turn in sim: +0.44±0.24 [490 s]
lobby 26 (second, rank 4348): now The Hood+Scarlet Witch | lookahead Jubilee+Rocket Raccoon (current pick ranks 5 in lookahead) | lookahead − current: additive typ −0.04±0.10, additive opt −0.03±0.10, sim typ +0.51±0.34, sim opt +0.28±0.38 | planning next turn in sim: +0.55±0.19 [496 s]
lobby 27 (second, rank 4678): now Gambit+Rocket Raccoon | lookahead Hela+Rocket Raccoon (current pick ranks 5 in lookahead) | lookahead − current: additive typ −0.36±0.10, additive opt +0.05±0.13, sim typ +0.56±0.22, sim opt +0.39±0.21 | planning next turn in sim: +0.42±0.22 [500 s]
lobby 28 (second, rank 4220): now Jubilee+Gambit | lookahead Jubilee+Rocket Raccoon (current pick ranks 3 in lookahead) | lookahead − current: additive typ −0.04±0.11, additive opt +0.16±0.14, sim typ +0.22±0.27, sim opt +0.18±0.14 | planning next turn in sim: +0.34±0.20 [504 s]
lobby 29 (second, rank 4486): now Rocket Raccoon+Jeff The Land Shark | lookahead same | lookahead − current: additive typ +0.00±0.00, additive opt +0.00±0.00, sim typ +0.00±0.00, sim opt +0.00±0.00 | planning next turn in sim: +0.18±0.16 [508 s]
lobby 30 (first, rank 4632): now Rocket Raccoon | lookahead same | lookahead − current: additive typ +0.00±0.00, additive opt +0.00±0.00, sim typ +0.00±0.00, sim opt +0.00±0.00 | planning next turn in sim: +0.77±0.22 [534 s]
lobby 31 (first, rank 4546): now Rocket Raccoon | lookahead same | lookahead − current: additive typ +0.00±0.00, additive opt +0.00±0.00, sim typ +0.00±0.00, sim opt +0.00±0.00 | planning next turn in sim: +1.10±0.24 [564 s]
lobby 32 (first, rank 4867): now Rocket Raccoon | lookahead same | lookahead − current: additive typ +0.00±0.00, additive opt +0.00±0.00, sim typ +0.00±0.00, sim opt +0.00±0.00 | planning next turn in sim: +0.66±0.25 [600 s]
lobby 33 (second, rank 4622): now Gambit+Devil Dinosaur | lookahead Devil Dinosaur+Gorr The God Butcher (current pick ranks 2 in lookahead) | lookahead − current: additive typ −0.35±0.10, additive opt +0.04±0.03, sim typ +0.19±0.29, sim opt +0.02±0.11 | planning next turn in sim: +0.95±0.17 [603 s]
lobby 34 (second, rank 4477): now Rocket Raccoon+Devil Dinosaur | lookahead Rocket Raccoon+Gambit (current pick ranks 3 in lookahead) | lookahead − current: additive typ −0.01±0.09, additive opt +0.00±0.05, sim typ −0.03±0.22, sim opt +0.05±0.15 | planning next turn in sim: +0.38±0.17 [607 s]
lobby 35 (first, rank 4359): now Rocket Raccoon | lookahead Jubilee (current pick ranks 4 in lookahead) | lookahead − current: additive typ −0.70±0.08, additive opt +0.03±0.07, sim typ +0.00±0.28, sim opt +0.53±0.19 | planning next turn in sim: +0.72±0.32 [638 s]
lobby 36 (first, rank 4467): now Gorr The God Butcher | lookahead same | lookahead − current: additive typ +0.00±0.00, additive opt +0.00±0.00, sim typ +0.00±0.00, sim opt +0.00±0.00 | planning next turn in sim: +0.56±0.17 [663 s]
lobby 37 (second, rank 4154): now Devil Dinosaur+Scarlet Witch | lookahead Devil Dinosaur+Gorr The God Butcher (current pick ranks 2 in lookahead) | lookahead − current: additive typ −0.12±0.08, additive opt −0.01±0.04, sim typ +0.06±0.29, sim opt −0.07±0.12 | planning next turn in sim: +0.89±0.28 [665 s]
lobby 38 (second, rank 4512): now Doctor Strange+Emma Frost | lookahead Doctor Strange+Hulk (current pick ranks 3 in lookahead) | lookahead − current: additive typ −0.00±0.05, additive opt +0.05±0.04, sim typ −0.34±0.22, sim opt +0.01±0.10 | planning next turn in sim: +0.06±0.15 [668 s]
lobby 39 (first, rank 4322): now Rocket Raccoon | lookahead Jubilee (current pick ranks 2 in lookahead) | lookahead − current: additive typ −0.39±0.04, additive opt +0.01±0.03, sim typ −0.51±0.22, sim opt −0.03±0.08 | planning next turn in sim: +0.74±0.29 [696 s]
lobby 40 (second, rank 4419): now Rocket Raccoon+Gambit | lookahead Rocket Raccoon+Jubilee (current pick ranks 4 in lookahead) | lookahead − current: additive typ −0.14±0.05, additive opt +0.04±0.04, sim typ +0.52±0.28, sim opt +0.09±0.13 | planning next turn in sim: +0.69±0.17 [699 s]

SUMMARY: 40 lobbies (20 first-ban, 20 second), simulator 128 runs, planner 128 samples of their bans
lookahead changes the first ban in 28 of 40 lobbies
where it changes it, lookahead − current (points of win chance, mean over those lobbies):
  additive score, typical continuation:   −0.23 (±0.08 across lobbies)
  additive score, lookahead continuation: +0.03 (±0.03 across lobbies)   (fresh draws)
  simulator,      typical continuation:   −0.10 (±0.16 across lobbies)
  simulator,      lookahead continuation: +0.07 (±0.08 across lobbies)
planning our next turn (planner's choice vs a typical next turn), simulator, current first ban, all lobbies: +0.57 (±0.10 across lobbies)
exit 0
